   Compiling proc-macro2 v1.0.106
   Compiling unicode-ident v1.0.24
   Compiling quote v1.0.44
   Compiling cfg-if v1.0.4
   Compiling serde_core v1.0.228
   Compiling libc v0.2.182
   Compiling serde v1.0.228
   Compiling syn v2.0.116
   Compiling log v0.4.29
   Compiling bitflags v2.11.0
   Compiling once_cell v1.21.3
   Compiling version_check v0.9.5
   Compiling memchr v2.8.0
   Compiling pin-project-lite v0.2.16
   Compiling parking_lot_core v0.9.12
   Compiling itoa v1.0.17
   Compiling scopeguard v1.2.0
   Compiling lock_api v0.4.14
   Compiling equivalent v1.0.2
   Compiling getrandom v0.2.17
   Compiling shlex v1.3.0
   Compiling futures-core v0.3.32
   Compiling jobserver v0.1.34
   Compiling find-msvc-tools v0.1.9
   Compiling allocator-api2 v0.2.21
   Compiling cc v1.2.56
   Compiling errno v0.3.14
   Compiling mio v1.1.1
   Compiling signal-hook-registry v1.4.8
   Compiling rand_core v0.6.4
   Compiling zerocopy v0.8.39
   Compiling foldhash v0.2.0
   Compiling hashbrown v0.16.1
   Compiling socket2 v0.6.2
   Compiling futures-sink v0.3.32
   Compiling typenum v1.19.0
   Compiling indexmap v2.13.0
   Compiling generic-array v0.14.7
   Compiling futures-io v0.3.32
   Compiling synstructure v0.13.2
   Compiling siphasher v1.0.2
   Compiling slab v0.4.12
   Compiling autocfg v1.5.0
   Compiling futures-channel v0.3.32
   Compiling subtle v2.6.1
   Compiling serde_derive v1.0.228
   Compiling tokio-macros v2.6.0
   Compiling zerofrom-derive v0.1.6
   Compiling yoke-derive v0.8.1
   Compiling futures-macro v0.3.32
   Compiling zerofrom v0.1.6
   Compiling crypto-common v0.1.7
   Compiling tracing-core v0.1.36
   Compiling futures-task v0.3.32
   Compiling tracing-attributes v0.1.31
   Compiling futures-util v0.3.32
   Compiling zerovec-derive v0.11.2
   Compiling tracing v0.1.44
   Compiling displaydoc v0.2.5
   Compiling ppv-lite86 v0.2.21
   Compiling rustix v1.1.3
   Compiling fnv v1.0.7
   Compiling smallvec v1.15.1
   Compiling bytes v1.11.1
   Compiling parking_lot v0.12.5
   Compiling tokio v1.49.0
   Compiling linux-raw-sys v0.11.0
   Compiling zmij v1.0.21
   Compiling phf_shared v0.13.1
   Compiling cpufeatures v0.2.17
   Compiling stable_deref_trait v1.2.1
   Compiling fastrand v2.3.0
   Compiling regex-syntax v0.8.9
   Compiling phf_generator v0.13.1
   Compiling anyhow v1.0.101
   Compiling block-buffer v0.10.4
   Compiling crossbeam-utils v0.8.21
   Compiling writeable v0.6.2
   Compiling litemap v0.8.1
   Compiling digest v0.10.7
   Compiling percent-encoding v2.3.2
   Compiling serde_json v1.0.149
   Compiling httparse v1.10.1
   Compiling tower-service v0.3.3
   Compiling yoke v0.8.1
   Compiling icu_properties_data v2.1.2
   Compiling pkg-config v0.3.32
   Compiling tokio-util v0.7.18
   Compiling thiserror v2.0.18
   Compiling icu_normalizer_data v2.1.1
   Compiling crunchy v0.2.4
   Compiling http v1.4.0
   Compiling aho-corasick v1.1.4
   Compiling num-traits v0.2.19
   Compiling thiserror-impl v2.0.18
   Compiling tiny-keccak v2.0.2
   Compiling regex-automata v0.4.14
   Compiling zerovec v0.11.5
   Compiling async-trait v0.1.89
   Compiling try-lock v0.2.5
   Compiling base64 v0.22.1
   Compiling want v0.3.1
   Compiling httpdate v1.0.3
   Compiling getrandom v0.4.1
   Compiling getrandom v0.3.4
   Compiling const-random-macro v0.1.16
   Compiling regex v1.12.3
   Compiling phf_macros v0.13.1
   Compiling phf_codegen v0.13.1
   Compiling ahash v0.8.12
   Compiling winnow v0.7.14
   Compiling byteorder v1.5.0
   Compiling ipnet v2.11.0
   Compiling atomic-waker v1.1.2
   Compiling phf v0.13.1
   Compiling const-random v0.1.18
   Compiling tinystr v0.8.2
   Compiling unicode-segmentation v1.12.0
   Compiling thiserror v1.0.69
   Compiling icu_locale_core v2.1.1
   Compiling rand_core v0.9.5
   Compiling potential_utf v0.1.4
   Compiling zerotrie v0.2.3
   Compiling thiserror-impl v1.0.69
   Compiling utf8_iter v1.0.4
   Compiling new_debug_unreachable v1.0.6
   Compiling utf-8 v0.7.6
   Compiling sha1_smol v1.0.1
   Compiling uuid v1.21.0
   Compiling icu_provider v2.1.1
   Compiling icu_collections v2.1.1
   Compiling rand_chacha v0.9.0
   Compiling convert_case v0.10.0
   Compiling http-body v1.0.1
   Compiling rand_chacha v0.3.1
   Compiling either v1.15.0
   Compiling home v0.5.11
   Compiling tower-layer v0.3.3
   Compiling minimal-lexical v0.2.1
   Compiling derive_more-impl v2.1.1
   Compiling rand v0.8.5
   Compiling rand v0.9.2
   Compiling hashbrown v0.14.5
   Compiling sha2 v0.10.9
   Compiling glob v0.3.3
   Compiling zeroize v1.8.2
   Compiling rustc-hash v2.1.1
   Compiling icu_normalizer v2.1.1
   Compiling icu_properties v2.1.2
   Compiling form_urlencoded v1.2.2
   Compiling ring v0.17.14
   Compiling signal-hook v0.3.18
   Compiling foldhash v0.1.5
   Compiling parking v2.2.1
   Compiling fallible-iterator v0.2.0
   Compiling strsim v0.11.1
   Compiling lazy_static v1.5.0
   Compiling heck v0.5.0
   Compiling rustversion v1.0.22
   Compiling precomputed-hash v0.1.1
   Compiling idna_adapter v1.2.1
   Compiling hashbrown v0.15.5
   Compiling clang-sys v1.8.1
   Compiling rustls-pki-types v1.14.0
   Compiling h2 v0.4.13
   Compiling concurrent-queue v2.5.0
   Compiling string_cache_codegen v0.6.1
   Compiling http v0.2.12
   Compiling uncased v0.9.10
   Compiling rustix v0.38.44
   Compiling io-lifetimes v2.0.4
   Compiling iana-time-zone v0.1.65
   Compiling vcpkg v0.2.15
   Compiling cranelift-isle v0.115.1
   Compiling mime v0.3.17
   Compiling prettyplease v0.2.37
   Compiling pin-utils v0.1.0
   Compiling base64 v0.21.7
   Compiling tinyvec_macros v0.1.1
   Compiling tinyvec v1.10.0
   Compiling hyper v1.8.1
   Compiling openssl-sys v0.9.111
   Compiling web_atoms v0.2.3
   Compiling idna v1.1.0
   Compiling hmac v0.12.1
   Compiling cranelift-bitset v0.115.1
   Compiling wasmtime-versioned-export-macros v28.0.1
   Compiling pin-project-internal v1.1.10
   Compiling bumpalo v3.20.1
   Compiling linux-raw-sys v0.4.15
   Compiling openssl-probe v0.2.1
   Compiling cranelift-codegen-shared v0.115.1
   Compiling untrusted v0.9.0
   Compiling target-lexicon v0.12.16
   Compiling crc32fast v1.5.0
   Compiling leb128 v0.2.5
   Compiling pin-project v1.1.10
   Compiling cranelift-codegen-meta v0.115.1
   Compiling cranelift-entity v0.115.1
   Compiling hyper-util v0.1.20
   Compiling url v2.5.8
   Compiling unicode-normalization v0.1.25
   Compiling http-body v0.4.6
   Compiling string_cache v0.9.0
   Compiling derive_more v2.1.1
   Compiling nom v7.1.3
   Compiling http-body-util v0.1.3
   Compiling zstd-sys v2.0.16+zstd.1.5.7
   Compiling indexmap v1.9.3
   Compiling block-padding v0.3.3
   Compiling gimli v0.31.1
   Compiling libloading v0.8.9
   Compiling io-extras v0.18.4
   Compiling unicode-bidi v0.3.18
   Compiling rustls v0.23.36
   Compiling cfg_aliases v0.2.1
   Compiling unicode-properties v0.1.4
   Compiling bindgen v0.66.1
   Compiling unicode-width v0.2.2
   Compiling ident_case v1.0.1
   Compiling darling_core v0.21.3
   Compiling stringprep v0.1.5
   Compiling cexpr v0.6.0
   Compiling cranelift-codegen v0.115.1
   Compiling inout v0.1.4
   Compiling which v4.4.2
   Compiling rustls-webpki v0.103.9
   Compiling chrono v0.4.43
   Compiling event-listener v5.4.1
   Compiling toml_parser v1.0.9+spec-1.1.0
   Compiling tokio-stream v0.1.18
   Compiling crossbeam-epoch v0.9.18
   Compiling md-5 v0.10.6
   Compiling toml_datetime v0.6.11
   Compiling serde_spanned v0.6.9
   Compiling semver v1.0.27
   Compiling toml_write v0.1.2
   Compiling hashbrown v0.12.3
   Compiling wasmparser v0.221.3
   Compiling ambient-authority v0.0.2
   Compiling peeking_take_while v0.1.2
   Compiling object v0.36.7
   Compiling lazycell v1.3.0
   Compiling rustc-hash v1.1.0
   Compiling ryu v1.0.23
   Compiling arbitrary v1.4.2
   Compiling cap-primitives v3.4.5
   Compiling toml_datetime v0.7.5+spec-1.1.0
   Compiling toml_edit v0.23.10+spec-1.0.0
   Compiling cranelift-control v0.115.1
   Compiling toml_edit v0.22.27
   Compiling crossbeam-deque v0.8.6
   Compiling postgres-protocol v0.6.10
   Compiling event-listener-strategy v0.5.4
   Compiling darling_macro v0.21.3
   Compiling cipher v0.4.4
   Compiling fs-set-times v0.20.3
   Compiling cranelift-bforest v0.115.1
   Compiling regalloc2 v0.11.2
   Compiling axum-core v0.3.4
   Compiling h2 v0.3.27
   Compiling cobs v0.3.0
   Compiling rustix-linux-procfs v0.1.1
   Compiling sha1 v0.10.6
   Compiling futures-executor v0.3.32
   Compiling socket2 v0.5.10
   Compiling dtoa v1.0.11
   Compiling foreign-types-shared v0.1.1
   Compiling litrs v1.0.0
   Compiling openssl v0.10.75
   Compiling cpp_demangle v0.4.5
   Compiling maybe-owned v0.3.4
   Compiling zstd-safe v7.2.4
   Compiling hyper v0.14.32
   Compiling document-features v0.2.12
   Compiling foreign-types v0.3.2
   Compiling dtoa-short v0.3.5
   Compiling futures v0.3.32
   Compiling postcard v1.1.3
   Compiling libsql-ffi v0.5.0
   Compiling tokio-rustls v0.26.4
   Compiling darling v0.21.3
   Compiling toml v0.8.23
   Compiling postgres-types v0.2.12
   Compiling proc-macro-crate v3.4.0
   Compiling tower v0.4.13
   Compiling serde_urlencoded v0.7.1
   Compiling phf_shared v0.11.3
   Compiling futures-lite v2.6.1
   Compiling rustls-native-certs v0.8.3
   Compiling axum v0.6.20
   Compiling itertools v0.12.1
   Compiling openssl-macros v0.1.1
   Compiling serde_repr v0.1.20
   Compiling async-stream-impl v0.3.6
   Compiling cssparser-macros v0.6.1
   Compiling zvariant_utils v2.1.0
   Compiling ittapi-sys v0.4.0
   Compiling sync_wrapper v1.0.2
   Compiling dirs-sys v0.3.7
   Compiling mac v0.1.1
   Compiling cap-std v3.4.5
   Compiling powerfmt v0.2.0
   Compiling native-tls v0.2.18
   Compiling unicode-xid v0.2.6
   Compiling termcolor v1.4.1
   Compiling rayon-core v1.13.0
   Compiling id-arena v2.3.0
   Compiling wasmtime-component-util v28.0.1
   Compiling hex v0.4.3
   Compiling leb128fmt v0.1.0
   Compiling utf8parse v0.2.2
   Compiling wasm-encoder v0.245.1
   Compiling wit-parser v0.221.3
   Compiling wasmprinter v0.221.3
   Compiling deranged v0.5.6
   Compiling dirs v4.0.0
   Compiling futf v0.1.5
   Compiling cssparser v0.36.0
   Compiling prost-derive v0.12.6
   Compiling async-stream v0.3.6
   Compiling signal-hook-mio v0.2.5
   Compiling hyper-rustls v0.27.7
   Compiling phf_generator v0.11.3
   Compiling serde_with_macros v3.16.1
   Compiling wasm-encoder v0.221.3
   Compiling wast v35.0.2
   Compiling wasmtime-fiber v28.0.1
   Compiling tendril v0.5.0
   Compiling num-integer v0.1.46
   Compiling tokio-io-timeout v1.2.1
   Compiling servo_arc v0.4.3
   Compiling memoffset v0.9.1
   Compiling enumflags2_derive v0.7.12
   Compiling dirs-sys-next v0.1.2
   Compiling encoding_rs v0.8.35
   Compiling libm v0.2.16
   Compiling rustc-demangle v0.1.27
   Compiling async-task v4.7.1
   Compiling wasmtime-cache v28.0.1
   Compiling matchit v0.7.3
   Compiling time-core v0.1.7
   Compiling sync_wrapper v0.1.2
   Compiling bitflags v1.3.2
   Compiling unicase v2.9.0
   Compiling wasmtime-component-macro v28.0.1
   Compiling data-encoding v2.10.0
   Compiling same-file v1.0.6
   Compiling num-conv v0.1.0
   Compiling paste v1.0.15
   Compiling time v0.3.45
   Compiling walkdir v2.5.0
   Compiling mime_guess v2.0.5
   Compiling wasmtime-environ v28.0.1
   Compiling enumflags2 v0.7.12
   Compiling directories-next v2.0.0
   Compiling hyper-timeout v0.4.1
   Compiling markup5ever v0.38.0
   Compiling witx v0.9.1
   Compiling serde_with v3.16.1
   Compiling zstd v0.13.3
   Compiling phf_codegen v0.11.3
   Compiling prost v0.12.6
   Compiling tendril v0.4.3
   Compiling shellexpand v2.1.2
   Compiling wasmtime-wit-bindgen v28.0.1
   Compiling wast v245.0.1
   Compiling anstyle-parse v0.2.7
   Compiling tower v0.5.3
   Compiling zvariant_derive v4.2.0
   Compiling cranelift-native v0.115.1
   Compiling cranelift-frontend v0.115.1
   Compiling aes v0.8.4
   Compiling async-channel v2.5.0
   Compiling nix v0.29.0
   Compiling piper v0.2.4
   Compiling wasmtime v28.0.1
   Compiling hashlink v0.8.4
   Compiling debugid v0.8.0
   Compiling fxhash v0.2.1
   Compiling selectors v0.35.0
   Compiling selectors v0.33.0
   Compiling xattr v1.6.1
   Compiling async-io v2.6.0
   Compiling zerocopy-derive v0.7.35
   Compiling filetime v0.2.27
   Compiling whoami v2.1.1
   Compiling wasmtime-asm-macros v28.0.1
   Compiling wiggle-macro v28.0.1
   Compiling anstyle-query v1.1.5
   Compiling anstyle v1.0.13
   Compiling static_assertions v1.1.0
   Compiling fallible-streaming-iterator v0.1.9
   Compiling endi v1.1.1
   Compiling colorchoice v1.0.4
   Compiling ref-cast v1.0.25
   Compiling is_terminal_polyfill v1.70.2
   Compiling zvariant v4.2.0
   Compiling anstream v0.6.21
   Compiling wat v1.245.1
   Compiling libsql-rusqlite v0.33.0
   Compiling zerocopy v0.7.35
   Compiling tokio-postgres v0.7.16
   Compiling wasmtime-cranelift v28.0.1
   Compiling fxprof-processed-profile v0.6.0
   Compiling crossterm v0.29.0
   Compiling blocking v1.6.2
   Compiling rayon v1.11.0
   Compiling markup5ever v0.36.1
   Compiling wiggle-generate v28.0.1
   Compiling ittapi v0.4.0
   Compiling tonic v0.11.0
   Compiling bollard-stubs v1.47.1-rc.27.3.1
   Compiling libsql-sqlite3-parser v0.13.0
   Compiling tokio-native-tls v0.3.1
   Compiling html5ever v0.38.0
   Compiling num-bigint v0.4.6
   Compiling hyperlocal v0.9.1
   Compiling wasmtime-jit-debug v28.0.1
   Compiling cbc v0.1.2
   Compiling async-lock v3.4.2
   Compiling addr2line v0.24.2
   Compiling nix v0.30.1
   Compiling rustls-pemfile v2.2.0
   Compiling polling v3.11.0
   Compiling memfd v0.6.5
   Compiling wasmtime-jit-icache-coherence v28.0.1
   Compiling universal-hash v0.5.1
   Compiling structmeta-derive v0.3.0
   Compiling ref-cast-impl v1.0.25
   Compiling serde_derive_internals v0.29.1
   Compiling iri-string v0.7.10
   Compiling opaque-debug v0.3.1
   Compiling http-range-header v0.3.1
   Compiling clap_lex v1.0.0
   Compiling v_htmlescape v0.15.8
   Compiling cap-fs-ext v3.4.5
   Compiling strict v0.2.0
   Compiling wasmtime-slab v28.0.1
   Compiling system-interface v0.27.3
   Compiling sptr v0.3.2
   Compiling crc-catalog v2.4.0
   Compiling crc v3.4.0
   Compiling crokey-proc_macros v1.4.0
   Compiling bollard v0.18.1
   Compiling tower-http v0.6.8
   Compiling clap_builder v4.5.59
   Compiling tower-http v0.4.4
   Compiling schemars_derive v1.2.1
   Compiling polyval v0.6.2
   Compiling structmeta v0.3.0
   Compiling phf v0.11.3
   Compiling async-fs v2.2.0
   Compiling num-rational v0.4.2
   Compiling hyper-tls v0.6.0
   Compiling refinery-core v0.8.16
   Compiling html5ever v0.36.1
   Compiling zbus_names v3.0.0
   Compiling libsql-sys v0.8.0
   Compiling tungstenite v0.28.0
   Compiling async-executor v1.14.0
   Compiling num-iter v0.1.45
   Compiling zbus_macros v4.4.0
   Compiling async-broadcast v0.7.2
   Compiling getopts v0.2.24
   Compiling clap_derive v4.5.55
   Compiling lazy-regex-proc_macros v3.6.0
   Compiling num-complex v0.4.6
   Compiling deadpool-runtime v0.1.4
   Compiling crossbeam-queue v0.3.12
   Compiling crossbeam-channel v0.5.15
   Compiling nibble_vec v0.1.0
   Compiling blake3 v1.8.3
   Compiling ordered-stream v0.2.0
   Compiling serde_yml v0.0.12
   Compiling is-docker v0.2.0
   Compiling xdg-home v1.3.0
   Compiling num_cpus v1.17.0
   Compiling utf8-width v0.1.8
   Compiling arrayvec v0.7.6
   Compiling ego-tree v0.10.0
   Compiling dyn-clone v1.0.20
   Compiling adler2 v2.0.1
   Compiling rust_decimal v1.40.0
   Compiling fallible-iterator v0.3.0
   Compiling endian-type v0.1.2
   Compiling option-ext v0.2.0
   Compiling simd-adler32 v0.3.8
   Compiling dirs-sys v0.5.0
   Compiling miniz_oxide v0.8.9
   Compiling radix_trie v0.2.1
   Compiling schemars v1.2.1
   Compiling scraper v0.25.0
   Compiling deadpool v0.12.3
   Compiling html-escape v0.2.13
   Compiling is-wsl v0.4.0
   Compiling zbus v4.4.0
   Compiling crossbeam v0.8.4
   Compiling clap v4.5.59
   Compiling num v0.4.3
   Compiling lazy-regex v3.6.0
   Compiling wiggle v28.0.1
   Compiling tokio-tungstenite v0.28.0
   Compiling libsql_replication v0.6.0
   Compiling kuchikikiki v0.9.2
   Compiling refinery-macros v0.8.16
   Compiling reqwest v0.12.28
   Compiling parse-display-derive v0.9.1
   Compiling ghash v0.5.1
   Compiling tonic-web v0.11.0
   Compiling crokey v1.4.0
   Compiling eventsource-stream v0.2.3
   Compiling coolor v1.1.0
   Compiling cap-net-ext v3.4.5
   Compiling axum-core v0.5.6
   Compiling tracing-futures v0.2.5
   Compiling cap-time-ext v3.4.5
   Compiling ctr v0.9.2
   Compiling cap-rand v3.4.5
   Compiling hkdf v0.12.4
   Compiling matchers v0.2.0
   Compiling sharded-slab v0.1.7
   Compiling nanoid v0.4.0
   Compiling ordered-float v5.1.0
   Compiling fd-lock v4.0.4
   Compiling libyml v0.0.5
   Compiling tracing-serde v0.2.0
   Compiling bincode v1.3.3
   Compiling tracing-log v0.2.0
   Compiling aead v0.5.2
   Compiling rustyline-derive v0.11.1
   Compiling lru v0.16.3
   Compiling serde_path_to_error v0.1.20
   Compiling astral-tl v0.7.11
   Compiling minimad v0.14.0
   Compiling thread_local v1.1.9
   Compiling as-any v0.3.2
   Compiling constant_time_eq v0.4.2
   Compiling pathdiff v0.2.3
   Compiling arrayref v0.3.9
   Compiling unicode-width v0.1.14
   Compiling nu-ansi-term v0.50.3
   Compiling futures-timer v3.0.3
   Compiling ironclaw v0.11.1 (/app)
   Compiling matchit v0.8.4
   Compiling rig-core v0.30.0
   Compiling axum v0.8.8
   Compiling tracing-subscriber v0.3.22
   Compiling termimad v0.34.1
   Compiling open v5.3.3
   Compiling html-to-markdown-rs v2.25.0
   Compiling rustyline v17.0.2
   Compiling libsql v0.6.0
   Compiling aes-gcm v0.10.3
   Compiling secret-service v4.0.0
   Compiling wasmtime-wasi v28.0.1
   Compiling refinery v0.8.16
   Compiling parse-display v0.9.1
   Compiling readabilityrs v0.1.2
   Compiling clap_complete v4.5.66
   Compiling deadpool-postgres v0.14.1
   Compiling flate2 v1.1.9
   Compiling dirs v6.0.0
   Compiling cron v0.13.0
   Compiling tokio-tar v0.3.1
   Compiling tar v0.4.44
   Compiling crossterm v0.28.1
   Compiling pgvector v0.4.1
   Compiling wasmparser v0.220.1
   Compiling fs4 v0.6.6
   Compiling docker_credential v1.3.2
   Compiling secrecy v0.10.3
   Compiling etcetera v0.8.0
   Compiling rust_decimal_macros v1.40.0
   Compiling dotenvy v0.15.7
   Compiling urlencoding v2.1.3
   Compiling testcontainers v0.23.3
   Compiling tungstenite v0.26.2
   Compiling yansi v1.0.1
   Compiling diff v0.1.13
   Compiling pretty_assertions v1.4.1
   Compiling tokio-tungstenite v0.26.2
   Compiling testcontainers-modules v0.11.6
   Compiling tokio-test v0.4.5
   Compiling tempfile v3.25.0
